---
source: crates/kaiten/tests/card_list_test.rs
expression: stdout
---
┌───────────────────────────────────────────────────────────────────────────────┐
│ ID         TITLE                            COLUMN   TYPE   ASAP   UPDATED    │
╞═══════════════════════════════════════════════════════════════════════════════╡
│ 67089469   test card from cli               To Do    C      !      2026-08-27 │
│ 67102616   smoke-1783630756                 To Do    C             2026-07-09 │
│ 67103491   🌍 Захват мира силами ИИ (MVP)   To Do    C             2026-07-09 │
│ 69286089   mcp-smoke 2026-08-27 11:47:09    To Do    C             2026-08-27 │
│ 69316486   smoke playground (mutable)       To Do    C             2026-08-27 │
└───────────────────────────────────────────────────────────────────────────────┘
