---
source: crates/kaiten/tests/card_file_test.rs
expression: "String::from_utf8(out).unwrap()"
---
┌──────────────────────────────────────────────────────────────────────────────────────────────────────────────────────────────────────────────────┐
│ ID                                     NAME               SIZE    MIME TYPE                                                           CREATED    │
╞══════════════════════════════════════════════════════════════════════════════════════════════════════════════════════════════════════════════════╡
│ 61256602                               probe-attach.txt   58      text/plain                                                          2026-07-16 │
│ 6a8e66af-0000-0000-0000-000000000000   report.xlsx        58818   application/vnd.openxmlformats-officedocument.spreadsheetml.sheet   2026-08-10 │
└──────────────────────────────────────────────────────────────────────────────────────────────────────────────────────────────────────────────────┘
