---
source: crates/kaiten/tests/card_list_test.rs
expression: stdout
---
┌────────────────────────────────────────────────────────────────────────┐
│ ID         TITLE                COLUMN        TYPE   ASAP   UPDATED    │
╞════════════════════════════════════════════════════════════════════════╡
│ 67089469   test card from cli   To Do         C             2026-07-09 │
│ 67089470   urgent bugfix        In Progress   C      !      2026-07-10 │
└────────────────────────────────────────────────────────────────────────┘
